Analysis & Synthesis report for synthi_top
Tue Mar  5 17:49:20 2024
Quartus Prime Version 22.1std.2 Build 922 07/20/2023 SC Lite Edition


---------------------
; Table of Contents ;
---------------------
  1. Legal Notice
  2. Analysis & Synthesis Summary
  3. Analysis & Synthesis Settings
  4. Parallel Compilation
  5. Analysis & Synthesis Source Files Read
  6. Analysis & Synthesis Resource Usage Summary
  7. Analysis & Synthesis Resource Utilization by Entity
  8. State Machine - |synthi_top|i2c_master:i2c_master_1|fsm_state
  9. State Machine - |synthi_top|codec_controller:codec_controller_1|fsm_state
 10. State Machine - |synthi_top|uart_top:uart_top_1|uart_controller_fsm:uart_controller_fsm_inst1|fsm_state
 11. General Register Statistics
 12. Inverted Register Statistics
 13. Multiplexer Restructuring Statistics (Restructuring Performed)
 14. Parameter Settings for User Entity Instance: uart_top:uart_top_1|shiftreg_uart:shiftreg_uart_inst1
 15. Port Connectivity Checks: "uart_top:uart_top_1|flanken_detekt_vhdl:flanken_detekt_vhdl_inst1"
 16. Port Connectivity Checks: "uart_top:uart_top_1"
 17. Post-Synthesis Netlist Statistics for Top Partition
 18. Elapsed Time Per Partition
 19. Analysis & Synthesis Messages



----------------
; Legal Notice ;
----------------
Copyright (C) 2023  Intel Corporation. All rights reserved.
Your use of Intel Corporation's design tools, logic functions 
and other software and tools, and any partner logic 
functions, and any output files from any of the foregoing 
(including device programming or simulation files), and any 
associated documentation or information are expressly subject 
to the terms and conditions of the Intel Program License 
Subscription Agreement, the Intel Quartus Prime License Agreement,
the Intel FPGA IP License Agreement, or other applicable license
agreement, including, without limitation, that your use is for
the sole purpose of programming logic devices manufactured by
Intel and sold by Intel or its authorized distributors.  Please
refer to the applicable agreement for further details, at
https://fpgasoftware.intel.com/eula.



+-------------------------------------------------------------------------------------+
; Analysis & Synthesis Summary                                                        ;
+------------------------------------+------------------------------------------------+
; Analysis & Synthesis Status        ; Successful - Tue Mar  5 17:49:19 2024          ;
; Quartus Prime Version              ; 22.1std.2 Build 922 07/20/2023 SC Lite Edition ;
; Revision Name                      ; synthi_top                                     ;
; Top-level Entity Name              ; synthi_top                                     ;
; Family                             ; MAX 10                                         ;
; Total logic elements               ; 263                                            ;
;     Total combinational functions  ; 231                                            ;
;     Dedicated logic registers      ; 134                                            ;
; Total registers                    ; 134                                            ;
; Total pins                         ; 50                                             ;
; Total virtual pins                 ; 0                                              ;
; Total memory bits                  ; 0                                              ;
; Embedded Multiplier 9-bit elements ; 0                                              ;
; Total PLLs                         ; 0                                              ;
; UFM blocks                         ; 0                                              ;
; ADC blocks                         ; 0                                              ;
+------------------------------------+------------------------------------------------+


+------------------------------------------------------------------------------------------------------------+
; Analysis & Synthesis Settings                                                                              ;
+------------------------------------------------------------------+--------------------+--------------------+
; Option                                                           ; Setting            ; Default Value      ;
+------------------------------------------------------------------+--------------------+--------------------+
; Device                                                           ; 10M50DAF484C7G     ;                    ;
; Top-level entity name                                            ; synthi_top         ; synthi_top         ;
; Family name                                                      ; MAX 10             ; Cyclone V          ;
; VHDL Show LMF Mapping Messages                                   ; Off                ;                    ;
; VHDL Version                                                     ; VHDL_2008          ; VHDL_1993          ;
; Use smart compilation                                            ; Off                ; Off                ;
; Enable parallel Assembler and Timing Analyzer during compilation ; On                 ; On                 ;
; Enable compact report table                                      ; Off                ; Off                ;
; Restructure Multiplexers                                         ; Auto               ; Auto               ;
; Create Debugging Nodes for IP Cores                              ; Off                ; Off                ;
; Preserve fewer node names                                        ; On                 ; On                 ;
; Intel FPGA IP Evaluation Mode                                    ; Enable             ; Enable             ;
; Verilog Version                                                  ; Verilog_2001       ; Verilog_2001       ;
; State Machine Processing                                         ; Auto               ; Auto               ;
; Safe State Machine                                               ; Off                ; Off                ;
; Extract Verilog State Machines                                   ; On                 ; On                 ;
; Extract VHDL State Machines                                      ; On                 ; On                 ;
; Ignore Verilog initial constructs                                ; Off                ; Off                ;
; Iteration limit for constant Verilog loops                       ; 5000               ; 5000               ;
; Iteration limit for non-constant Verilog loops                   ; 250                ; 250                ;
; Add Pass-Through Logic to Inferred RAMs                          ; On                 ; On                 ;
; Infer RAMs from Raw Logic                                        ; On                 ; On                 ;
; Parallel Synthesis                                               ; On                 ; On                 ;
; DSP Block Balancing                                              ; Auto               ; Auto               ;
; NOT Gate Push-Back                                               ; On                 ; On                 ;
; Power-Up Don't Care                                              ; On                 ; On                 ;
; Remove Redundant Logic Cells                                     ; Off                ; Off                ;
; Remove Duplicate Registers                                       ; On                 ; On                 ;
; Ignore CARRY Buffers                                             ; Off                ; Off                ;
; Ignore CASCADE Buffers                                           ; Off                ; Off                ;
; Ignore GLOBAL Buffers                                            ; Off                ; Off                ;
; Ignore ROW GLOBAL Buffers                                        ; Off                ; Off                ;
; Ignore LCELL Buffers                                             ; Off                ; Off                ;
; Ignore SOFT Buffers                                              ; On                 ; On                 ;
; Limit AHDL Integers to 32 Bits                                   ; Off                ; Off                ;
; Optimization Technique                                           ; Balanced           ; Balanced           ;
; Carry Chain Length                                               ; 70                 ; 70                 ;
; Auto Carry Chains                                                ; On                 ; On                 ;
; Auto Open-Drain Pins                                             ; On                 ; On                 ;
; Perform WYSIWYG Primitive Resynthesis                            ; Off                ; Off                ;
; Auto ROM Replacement                                             ; On                 ; On                 ;
; Auto RAM Replacement                                             ; On                 ; On                 ;
; Auto DSP Block Replacement                                       ; On                 ; On                 ;
; Auto Shift Register Replacement                                  ; Auto               ; Auto               ;
; Allow Shift Register Merging across Hierarchies                  ; Auto               ; Auto               ;
; Auto Clock Enable Replacement                                    ; On                 ; On                 ;
; Strict RAM Replacement                                           ; Off                ; Off                ;
; Allow Synchronous Control Signals                                ; On                 ; On                 ;
; Force Use of Synchronous Clear Signals                           ; Off                ; Off                ;
; Auto RAM Block Balancing                                         ; On                 ; On                 ;
; Auto RAM to Logic Cell Conversion                                ; Off                ; Off                ;
; Auto Resource Sharing                                            ; Off                ; Off                ;
; Allow Any RAM Size For Recognition                               ; Off                ; Off                ;
; Allow Any ROM Size For Recognition                               ; Off                ; Off                ;
; Allow Any Shift Register Size For Recognition                    ; Off                ; Off                ;
; Use LogicLock Constraints during Resource Balancing              ; On                 ; On                 ;
; Ignore translate_off and synthesis_off directives                ; Off                ; Off                ;
; Timing-Driven Synthesis                                          ; On                 ; On                 ;
; Report Parameter Settings                                        ; On                 ; On                 ;
; Report Source Assignments                                        ; On                 ; On                 ;
; Report Connectivity Checks                                       ; On                 ; On                 ;
; Ignore Maximum Fan-Out Assignments                               ; Off                ; Off                ;
; Synchronization Register Chain Length                            ; 2                  ; 2                  ;
; Power Optimization During Synthesis                              ; Normal compilation ; Normal compilation ;
; HDL message level                                                ; Level2             ; Level2             ;
; Suppress Register Optimization Related Messages                  ; Off                ; Off                ;
; Number of Removed Registers Reported in Synthesis Report         ; 5000               ; 5000               ;
; Number of Swept Nodes Reported in Synthesis Report               ; 5000               ; 5000               ;
; Number of Inverted Registers Reported in Synthesis Report        ; 100                ; 100                ;
; Clock MUX Protection                                             ; On                 ; On                 ;
; Auto Gated Clock Conversion                                      ; Off                ; Off                ;
; Block Design Naming                                              ; Auto               ; Auto               ;
; SDC constraint protection                                        ; Off                ; Off                ;
; Synthesis Effort                                                 ; Auto               ; Auto               ;
; Shift Register Replacement - Allow Asynchronous Clear Signal     ; On                 ; On                 ;
; Pre-Mapping Resynthesis Optimization                             ; Off                ; Off                ;
; Analysis & Synthesis Message Level                               ; Medium             ; Medium             ;
; Disable Register Merging Across Hierarchies                      ; Auto               ; Auto               ;
; Resource Aware Inference For Block RAM                           ; On                 ; On                 ;
+------------------------------------------------------------------+--------------------+--------------------+


+------------------------------------------+
; Parallel Compilation                     ;
+----------------------------+-------------+
; Processors                 ; Number      ;
+----------------------------+-------------+
; Number detected on machine ; 8           ;
; Maximum allowed            ; 4           ;
;                            ;             ;
; Average used               ; 1.00        ;
; Maximum used               ; 4           ;
;                            ;             ;
; Usage by Processor         ; % Time Used ;
;     Processor 1            ; 100.0%      ;
;     Processors 2-4         ;   0.0%      ;
+----------------------------+-------------+


+---------------------------------------------------------------------------------------------------------------------------------------------------------------------------------------------+
; Analysis & Synthesis Source Files Read                                                                                                                                                      ;
+-----------------------------------+-----------------+-----------------+-----------------------------------------------------------------------------------------------------------+---------+
; File Name with User-Entered Path  ; Used in Netlist ; File Type       ; File Name with Absolute Path                                                                              ; Library ;
+-----------------------------------+-----------------+-----------------+-----------------------------------------------------------------------------------------------------------+---------+
; ../source/reg_table_pkg.vhd       ; yes             ; User VHDL File  ; C:/Users/heini/Documents/local_Studium/PM2_PR/Github/synthi/synthi_project/source/reg_table_pkg.vhd       ;         ;
; ../source/i2c_master.vhd          ; yes             ; User VHDL File  ; C:/Users/heini/Documents/local_Studium/PM2_PR/Github/synthi/synthi_project/source/i2c_master.vhd          ;         ;
; ../source/codec_controller.vhd    ; yes             ; User VHDL File  ; C:/Users/heini/Documents/local_Studium/PM2_PR/Github/synthi/synthi_project/source/codec_controller.vhd    ;         ;
; ../source/synthi_top.vhd          ; yes             ; User VHDL File  ; C:/Users/heini/Documents/local_Studium/PM2_PR/Github/synthi/synthi_project/source/synthi_top.vhd          ;         ;
; ../source/signal_checker.vhd      ; yes             ; User VHDL File  ; C:/Users/heini/Documents/local_Studium/PM2_PR/Github/synthi/synthi_project/source/signal_checker.vhd      ;         ;
; ../source/modulo_divider.vhd      ; yes             ; User VHDL File  ; C:/Users/heini/Documents/local_Studium/PM2_PR/Github/synthi/synthi_project/source/modulo_divider.vhd      ;         ;
; ../source/infrastructure.vhd      ; yes             ; User VHDL File  ; C:/Users/heini/Documents/local_Studium/PM2_PR/Github/synthi/synthi_project/source/infrastructure.vhd      ;         ;
; ../source/clock_sync.vhd          ; yes             ; User VHDL File  ; C:/Users/heini/Documents/local_Studium/PM2_PR/Github/synthi/synthi_project/source/clock_sync.vhd          ;         ;
; ../source/vhdl_hex2sevseg.vhd     ; yes             ; User VHDL File  ; C:/Users/heini/Documents/local_Studium/PM2_PR/Github/synthi/synthi_project/source/vhdl_hex2sevseg.vhd     ;         ;
; ../source/uart_top.vhd            ; yes             ; User VHDL File  ; C:/Users/heini/Documents/local_Studium/PM2_PR/Github/synthi/synthi_project/source/uart_top.vhd            ;         ;
; ../source/uart_controller_fsm.vhd ; yes             ; User VHDL File  ; C:/Users/heini/Documents/local_Studium/PM2_PR/Github/synthi/synthi_project/source/uart_controller_fsm.vhd ;         ;
; ../source/shiftreg_uart.vhd       ; yes             ; User VHDL File  ; C:/Users/heini/Documents/local_Studium/PM2_PR/Github/synthi/synthi_project/source/shiftreg_uart.vhd       ;         ;
; ../source/output_register.vhd     ; yes             ; User VHDL File  ; C:/Users/heini/Documents/local_Studium/PM2_PR/Github/synthi/synthi_project/source/output_register.vhd     ;         ;
; ../source/flanken_detekt_vhdl.vhd ; yes             ; User VHDL File  ; C:/Users/heini/Documents/local_Studium/PM2_PR/Github/synthi/synthi_project/source/flanken_detekt_vhdl.vhd ;         ;
; ../source/bit_counter.vhd         ; yes             ; User VHDL File  ; C:/Users/heini/Documents/local_Studium/PM2_PR/Github/synthi/synthi_project/source/bit_counter.vhd         ;         ;
; ../source/baud_tick.vhd           ; yes             ; User VHDL File  ; C:/Users/heini/Documents/local_Studium/PM2_PR/Github/synthi/synthi_project/source/baud_tick.vhd           ;         ;
+-----------------------------------+-----------------+-----------------+-----------------------------------------------------------------------------------------------------------+---------+


+------------------------------------------------------------------------------------------------------------------------+
; Analysis & Synthesis Resource Usage Summary                                                                            ;
+---------------------------------------------+--------------------------------------------------------------------------+
; Resource                                    ; Usage                                                                    ;
+---------------------------------------------+--------------------------------------------------------------------------+
; Estimated Total logic elements              ; 263                                                                      ;
;                                             ;                                                                          ;
; Total combinational functions               ; 231                                                                      ;
; Logic element usage by number of LUT inputs ;                                                                          ;
;     -- 4 input functions                    ; 127                                                                      ;
;     -- 3 input functions                    ; 44                                                                       ;
;     -- <=2 input functions                  ; 60                                                                       ;
;                                             ;                                                                          ;
; Logic elements by mode                      ;                                                                          ;
;     -- normal mode                          ; 194                                                                      ;
;     -- arithmetic mode                      ; 37                                                                       ;
;                                             ;                                                                          ;
; Total registers                             ; 134                                                                      ;
;     -- Dedicated logic registers            ; 134                                                                      ;
;     -- I/O registers                        ; 0                                                                        ;
;                                             ;                                                                          ;
; I/O pins                                    ; 50                                                                       ;
;                                             ;                                                                          ;
; Embedded Multiplier 9-bit elements          ; 0                                                                        ;
;                                             ;                                                                          ;
; Maximum fan-out node                        ; infrastructure:infrastructure_1|modulo_divider:modulo_divider_1|count[2] ;
; Maximum fan-out                             ; 98                                                                       ;
; Total fan-out                               ; 1280                                                                     ;
; Average fan-out                             ; 2.75                                                                     ;
+---------------------------------------------+--------------------------------------------------------------------------+


+---------------------------------------------------------------------------------------------------------------------------------------------------------------------------------------------------------------------------------------------------------------------------------------------------------------------------------+
; Analysis & Synthesis Resource Utilization by Entity                                                                                                                                                                                                                                                                             ;
+-------------------------------------------------------+---------------------+---------------------------+-------------+------------+--------------+---------+-----------+------+--------------+------------+-------------------------------------------------------------------------------+---------------------+--------------+
; Compilation Hierarchy Node                            ; Combinational ALUTs ; Dedicated Logic Registers ; Memory Bits ; UFM Blocks ; DSP Elements ; DSP 9x9 ; DSP 18x18 ; Pins ; Virtual Pins ; ADC blocks ; Full Hierarchy Name                                                           ; Entity Name         ; Library Name ;
+-------------------------------------------------------+---------------------+---------------------------+-------------+------------+--------------+---------+-----------+------+--------------+------------+-------------------------------------------------------------------------------+---------------------+--------------+
; |synthi_top                                           ; 231 (0)             ; 134 (0)                   ; 0           ; 0          ; 0            ; 0       ; 0         ; 50   ; 0            ; 0          ; |synthi_top                                                                   ; synthi_top          ; work         ;
;    |codec_controller:codec_controller_1|              ; 16 (16)             ; 7 (7)                     ; 0           ; 0          ; 0            ; 0       ; 0         ; 0    ; 0            ; 0          ; |synthi_top|codec_controller:codec_controller_1                               ; codec_controller    ; work         ;
;    |i2c_master:i2c_master_1|                          ; 103 (103)           ; 52 (52)                   ; 0           ; 0          ; 0            ; 0       ; 0         ; 0    ; 0            ; 0          ; |synthi_top|i2c_master:i2c_master_1                                           ; i2c_master          ; work         ;
;    |infrastructure:infrastructure_1|                  ; 71 (0)              ; 41 (0)                    ; 0           ; 0          ; 0            ; 0       ; 0         ; 0    ; 0            ; 0          ; |synthi_top|infrastructure:infrastructure_1                                   ; infrastructure      ; work         ;
;       |clock_sync:clock_sync_1|                       ; 0 (0)               ; 2 (2)                     ; 0           ; 0          ; 0            ; 0       ; 0         ; 0    ; 0            ; 0          ; |synthi_top|infrastructure:infrastructure_1|clock_sync:clock_sync_1           ; clock_sync          ; work         ;
;       |clock_sync:clock_sync_2|                       ; 0 (0)               ; 2 (2)                     ; 0           ; 0          ; 0            ; 0       ; 0         ; 0    ; 0            ; 0          ; |synthi_top|infrastructure:infrastructure_1|clock_sync:clock_sync_2           ; clock_sync          ; work         ;
;       |modulo_divider:modulo_divider_1|               ; 3 (3)               ; 3 (3)                     ; 0           ; 0          ; 0            ; 0       ; 0         ; 0    ; 0            ; 0          ; |synthi_top|infrastructure:infrastructure_1|modulo_divider:modulo_divider_1   ; modulo_divider      ; work         ;
;       |signal_checker:signal_checker_1|               ; 68 (68)             ; 34 (34)                   ; 0           ; 0          ; 0            ; 0       ; 0         ; 0    ; 0            ; 0          ; |synthi_top|infrastructure:infrastructure_1|signal_checker:signal_checker_1   ; signal_checker      ; work         ;
;    |uart_top:uart_top_1|                              ; 41 (0)              ; 34 (0)                    ; 0           ; 0          ; 0            ; 0       ; 0         ; 0    ; 0            ; 0          ; |synthi_top|uart_top:uart_top_1                                               ; uart_top            ; work         ;
;       |baud_tick:baud_tick_inst1|                     ; 9 (9)               ; 6 (6)                     ; 0           ; 0          ; 0            ; 0       ; 0         ; 0    ; 0            ; 0          ; |synthi_top|uart_top:uart_top_1|baud_tick:baud_tick_inst1                     ; baud_tick           ; work         ;
;       |bit_counter:bit_counter_inst1|                 ; 8 (8)               ; 4 (4)                     ; 0           ; 0          ; 0            ; 0       ; 0         ; 0    ; 0            ; 0          ; |synthi_top|uart_top:uart_top_1|bit_counter:bit_counter_inst1                 ; bit_counter         ; work         ;
;       |flanken_detekt_vhdl:flanken_detekt_vhdl_inst1| ; 0 (0)               ; 2 (2)                     ; 0           ; 0          ; 0            ; 0       ; 0         ; 0    ; 0            ; 0          ; |synthi_top|uart_top:uart_top_1|flanken_detekt_vhdl:flanken_detekt_vhdl_inst1 ; flanken_detekt_vhdl ; work         ;
;       |output_register:output_register_inst1|         ; 0 (0)               ; 8 (8)                     ; 0           ; 0          ; 0            ; 0       ; 0         ; 0    ; 0            ; 0          ; |synthi_top|uart_top:uart_top_1|output_register:output_register_inst1         ; output_register     ; work         ;
;       |shiftreg_uart:shiftreg_uart_inst1|             ; 0 (0)               ; 10 (10)                   ; 0           ; 0          ; 0            ; 0       ; 0         ; 0    ; 0            ; 0          ; |synthi_top|uart_top:uart_top_1|shiftreg_uart:shiftreg_uart_inst1             ; shiftreg_uart       ; work         ;
;       |uart_controller_fsm:uart_controller_fsm_inst1| ; 10 (10)             ; 4 (4)                     ; 0           ; 0          ; 0            ; 0       ; 0         ; 0    ; 0            ; 0          ; |synthi_top|uart_top:uart_top_1|uart_controller_fsm:uart_controller_fsm_inst1 ; uart_controller_fsm ; work         ;
;       |vhdl_hex2sevseg:vhdl_hex2sevseg_inst1|         ; 7 (7)               ; 0 (0)                     ; 0           ; 0          ; 0            ; 0       ; 0         ; 0    ; 0            ; 0          ; |synthi_top|uart_top:uart_top_1|vhdl_hex2sevseg:vhdl_hex2sevseg_inst1         ; vhdl_hex2sevseg     ; work         ;
;       |vhdl_hex2sevseg:vhdl_hex2sevseg_inst2|         ; 7 (7)               ; 0 (0)                     ; 0           ; 0          ; 0            ; 0       ; 0         ; 0    ; 0            ; 0          ; |synthi_top|uart_top:uart_top_1|vhdl_hex2sevseg:vhdl_hex2sevseg_inst2         ; vhdl_hex2sevseg     ; work         ;
+-------------------------------------------------------+---------------------+---------------------------+-------------+------------+--------------+---------+-----------+------+--------------+------------+-------------------------------------------------------------------------------+---------------------+--------------+
Note: For table entries with two numbers listed, the numbers in parentheses indicate the number of resources of the given type used by the specific entity alone. The numbers listed outside of parentheses indicate the total resources of the given type used by the specific entity and all of its sub-entities in the hierarchy.


Encoding Type:  One-Hot
+-----------------------------------------------------------------------------------------------------------------------------------------------------------------------------------------------------------------------------------+
; State Machine - |synthi_top|i2c_master:i2c_master_1|fsm_state                                                                                                                                                                     ;
+--------------------------------+------------------+---------------------------+----------------------+-----------------------+--------------------------------+-------------------+----------------------------+------------------+
; Name                           ; fsm_state.S_STOP ; fsm_state.S_WAIT_FOR_STOP ; fsm_state.S_ACK_BYTE ; fsm_state.S_SEND_BYTE ; fsm_state.S_WAIT_FOR_NEXT_BYTE ; fsm_state.S_START ; fsm_state.S_WAIT_FOR_START ; fsm_state.S_IDLE ;
+--------------------------------+------------------+---------------------------+----------------------+-----------------------+--------------------------------+-------------------+----------------------------+------------------+
; fsm_state.S_IDLE               ; 0                ; 0                         ; 0                    ; 0                     ; 0                              ; 0                 ; 0                          ; 0                ;
; fsm_state.S_WAIT_FOR_START     ; 0                ; 0                         ; 0                    ; 0                     ; 0                              ; 0                 ; 1                          ; 1                ;
; fsm_state.S_START              ; 0                ; 0                         ; 0                    ; 0                     ; 0                              ; 1                 ; 0                          ; 1                ;
; fsm_state.S_WAIT_FOR_NEXT_BYTE ; 0                ; 0                         ; 0                    ; 0                     ; 1                              ; 0                 ; 0                          ; 1                ;
; fsm_state.S_SEND_BYTE          ; 0                ; 0                         ; 0                    ; 1                     ; 0                              ; 0                 ; 0                          ; 1                ;
; fsm_state.S_ACK_BYTE           ; 0                ; 0                         ; 1                    ; 0                     ; 0                              ; 0                 ; 0                          ; 1                ;
; fsm_state.S_WAIT_FOR_STOP      ; 0                ; 1                         ; 0                    ; 0                     ; 0                              ; 0                 ; 0                          ; 1                ;
; fsm_state.S_STOP               ; 1                ; 0                         ; 0                    ; 0                     ; 0                              ; 0                 ; 0                          ; 1                ;
+--------------------------------+------------------+---------------------------+----------------------+-----------------------+--------------------------------+-------------------+----------------------------+------------------+


Encoding Type:  One-Hot
+------------------------------------------------------------------------------------------------+
; State Machine - |synthi_top|codec_controller:codec_controller_1|fsm_state                      ;
+-------------------------+------------------------+-------------------------+-------------------+
; Name                    ; fsm_state.st_state_end ; fsm_state.st_wait_write ; fsm_state.st_idle ;
+-------------------------+------------------------+-------------------------+-------------------+
; fsm_state.st_idle       ; 0                      ; 0                       ; 0                 ;
; fsm_state.st_wait_write ; 0                      ; 1                       ; 1                 ;
; fsm_state.st_state_end  ; 1                      ; 0                       ; 1                 ;
+-------------------------+------------------------+-------------------------+-------------------+


Encoding Type:  One-Hot
+------------------------------------------------------------------------------------------------------------------------------+
; State Machine - |synthi_top|uart_top:uart_top_1|uart_controller_fsm:uart_controller_fsm_inst1|fsm_state                      ;
+---------------------------+-----------------------+---------------------------+--------------------------+-------------------+
; Name                      ; fsm_state.st_check_rx ; fsm_state.st_wait_rx_byte ; fsm_state.st_start_pulse ; fsm_state.st_idle ;
+---------------------------+-----------------------+---------------------------+--------------------------+-------------------+
; fsm_state.st_idle         ; 0                     ; 0                         ; 0                        ; 0                 ;
; fsm_state.st_start_pulse  ; 0                     ; 0                         ; 1                        ; 1                 ;
; fsm_state.st_wait_rx_byte ; 0                     ; 1                         ; 0                        ; 1                 ;
; fsm_state.st_check_rx     ; 1                     ; 0                         ; 0                        ; 1                 ;
+---------------------------+-----------------------+---------------------------+--------------------------+-------------------+


+------------------------------------------------------+
; General Register Statistics                          ;
+----------------------------------------------+-------+
; Statistic                                    ; Value ;
+----------------------------------------------+-------+
; Total registers                              ; 134   ;
; Number of registers using Synchronous Clear  ; 2     ;
; Number of registers using Synchronous Load   ; 6     ;
; Number of registers using Asynchronous Clear ; 127   ;
; Number of registers using Asynchronous Load  ; 0     ;
; Number of registers using Clock Enable       ; 51    ;
; Number of registers using Preset             ; 0     ;
+----------------------------------------------+-------+


+-----------------------------------------------------------------------------------+
; Inverted Register Statistics                                                      ;
+-------------------------------------------------------------------------+---------+
; Inverted Register                                                       ; Fan out ;
+-------------------------------------------------------------------------+---------+
; i2c_master:i2c_master_1|scl                                             ; 2       ;
; infrastructure:infrastructure_1|signal_checker:signal_checker_1|sync_q2 ; 2       ;
; infrastructure:infrastructure_1|signal_checker:signal_checker_1|sync_q3 ; 1       ;
; i2c_master:i2c_master_1|sda                                             ; 3       ;
; infrastructure:infrastructure_1|signal_checker:signal_checker_1|sync_q1 ; 1       ;
; Total number of inverted registers = 5                                  ;         ;
+-------------------------------------------------------------------------+---------+


+----------------------------------------------------------------------------------------------------------------------------------------------------------------------------------------------------------+
; Multiplexer Restructuring Statistics (Restructuring Performed)                                                                                                                                           ;
+--------------------+-----------+---------------+----------------------+------------------------+------------+--------------------------------------------------------------------------------------------+
; Multiplexer Inputs ; Bus Width ; Baseline Area ; Area if Restructured ; Saving if Restructured ; Registered ; Example Multiplexer Output                                                                 ;
+--------------------+-----------+---------------+----------------------+------------------------+------------+--------------------------------------------------------------------------------------------+
; 3:1                ; 6 bits    ; 12 LEs        ; 12 LEs               ; 0 LEs                  ; Yes        ; |synthi_top|uart_top:uart_top_1|baud_tick:baud_tick_inst1|count[2]                         ;
; 3:1                ; 23 bits   ; 46 LEs        ; 23 LEs               ; 23 LEs                 ; Yes        ; |synthi_top|infrastructure:infrastructure_1|signal_checker:signal_checker_1|bit_count_i[1] ;
; 3:1                ; 4 bits    ; 8 LEs         ; 4 LEs                ; 4 LEs                  ; Yes        ; |synthi_top|uart_top:uart_top_1|bit_counter:bit_counter_inst1|count[0]                     ;
; 5:1                ; 2 bits    ; 6 LEs         ; 2 LEs                ; 4 LEs                  ; Yes        ; |synthi_top|i2c_master:i2c_master_1|byte_count[0]                                          ;
; 6:1                ; 3 bits    ; 12 LEs        ; 3 LEs                ; 9 LEs                  ; Yes        ; |synthi_top|i2c_master:i2c_master_1|bit_count[0]                                           ;
; 7:1                ; 13 bits   ; 52 LEs        ; 13 LEs               ; 39 LEs                 ; Yes        ; |synthi_top|i2c_master:i2c_master_1|data[8]                                                ;
; 7:1                ; 6 bits    ; 24 LEs        ; 6 LEs                ; 18 LEs                 ; Yes        ; |synthi_top|i2c_master:i2c_master_1|data[5]                                                ;
; 3:1                ; 2 bits    ; 4 LEs         ; 4 LEs                ; 0 LEs                  ; No         ; |synthi_top|codec_controller:codec_controller_1|next_fsm_state                             ;
; 6:1                ; 2 bits    ; 8 LEs         ; 4 LEs                ; 4 LEs                  ; No         ; |synthi_top|uart_top:uart_top_1|uart_controller_fsm:uart_controller_fsm_inst1|Selector0    ;
; 8:1                ; 2 bits    ; 10 LEs        ; 4 LEs                ; 6 LEs                  ; No         ; |synthi_top|i2c_master:i2c_master_1|Selector30                                             ;
; 9:1                ; 2 bits    ; 12 LEs        ; 4 LEs                ; 8 LEs                  ; No         ; |synthi_top|i2c_master:i2c_master_1|Selector31                                             ;
+--------------------+-----------+---------------+----------------------+------------------------+------------+--------------------------------------------------------------------------------------------+


+----------------------------------------------------------------------------------------------------+
; Parameter Settings for User Entity Instance: uart_top:uart_top_1|shiftreg_uart:shiftreg_uart_inst1 ;
+----------------+-------+---------------------------------------------------------------------------+
; Parameter Name ; Value ; Type                                                                      ;
+----------------+-------+---------------------------------------------------------------------------+
; width          ; 10    ; Signed Integer                                                            ;
+----------------+-------+---------------------------------------------------------------------------+
Note: In order to hide this table in the UI and the text report file, please set the "Show Parameter Settings in Synthesis Report" option in "Analysis and Synthesis Settings -> More Settings" to "Off".


+-----------------------------------------------------------------------------------------------------------------------+
; Port Connectivity Checks: "uart_top:uart_top_1|flanken_detekt_vhdl:flanken_detekt_vhdl_inst1"                         ;
+-------------+--------+----------+-------------------------------------------------------------------------------------+
; Port        ; Type   ; Severity ; Details                                                                             ;
+-------------+--------+----------+-------------------------------------------------------------------------------------+
; fl_steigend ; Output ; Info     ; Connected to dangling logic. Logic that only feeds a dangling port will be removed. ;
+-------------+--------+----------+-------------------------------------------------------------------------------------+


+-----------------------------------------------------------------------------------------------------------------------+
; Port Connectivity Checks: "uart_top:uart_top_1"                                                                       ;
+-------------+--------+----------+-------------------------------------------------------------------------------------+
; Port        ; Type   ; Severity ; Details                                                                             ;
+-------------+--------+----------+-------------------------------------------------------------------------------------+
; rx_data_rdy ; Output ; Info     ; Connected to dangling logic. Logic that only feeds a dangling port will be removed. ;
; rx_data     ; Output ; Info     ; Connected to dangling logic. Logic that only feeds a dangling port will be removed. ;
+-------------+--------+----------+-------------------------------------------------------------------------------------+


+-----------------------------------------------------+
; Post-Synthesis Netlist Statistics for Top Partition ;
+-----------------------+-----------------------------+
; Type                  ; Count                       ;
+-----------------------+-----------------------------+
; boundary_port         ; 50                          ;
; cycloneiii_ff         ; 134                         ;
;     CLR               ; 70                          ;
;     CLR SLD           ; 6                           ;
;     ENA CLR           ; 49                          ;
;     ENA CLR SCLR      ; 2                           ;
;     plain             ; 7                           ;
; cycloneiii_io_obuf    ; 1                           ;
; cycloneiii_lcell_comb ; 235                         ;
;     arith             ; 37                          ;
;         2 data inputs ; 30                          ;
;         3 data inputs ; 7                           ;
;     normal            ; 198                         ;
;         0 data inputs ; 1                           ;
;         1 data inputs ; 10                          ;
;         2 data inputs ; 23                          ;
;         3 data inputs ; 37                          ;
;         4 data inputs ; 127                         ;
;                       ;                             ;
; Max LUT depth         ; 5.60                        ;
; Average LUT depth     ; 2.93                        ;
+-----------------------+-----------------------------+


+-------------------------------+
; Elapsed Time Per Partition    ;
+----------------+--------------+
; Partition Name ; Elapsed Time ;
+----------------+--------------+
; Top            ; 00:00:02     ;
+----------------+--------------+


+-------------------------------+
; Analysis & Synthesis Messages ;
+-------------------------------+
Info: *******************************************************************
Info: Running Quartus Prime Analysis & Synthesis
    Info: Version 22.1std.2 Build 922 07/20/2023 SC Lite Edition
    Info: Processing started: Tue Mar  5 17:49:07 2024
Info: Command: quartus_map --read_settings_files=on --write_settings_files=off synthi_top -c synthi_top
Warning (18236): Number of processors has not been specified which may cause overloading on shared machines.  Set the global assignment NUM_PARALLEL_PROCESSORS in your QSF to an appropriate value for best performance.
Info (20030): Parallel compilation is enabled and will use 4 of the 4 processors detected
Info (12021): Found 1 design units, including 0 entities, in source file /users/heini/documents/local_studium/pm2_pr/github/synthi/synthi_project/source/reg_table_pkg.vhd
    Info (12022): Found design unit 1: reg_table_pkg File: C:/Users/heini/Documents/local_Studium/PM2_PR/Github/synthi/synthi_project/source/reg_table_pkg.vhd Line: 26
Info (12021): Found 2 design units, including 1 entities, in source file /users/heini/documents/local_studium/pm2_pr/github/synthi/synthi_project/source/i2c_master.vhd
    Info (12022): Found design unit 1: i2c_master-rtl File: C:/Users/heini/Documents/local_Studium/PM2_PR/Github/synthi/synthi_project/source/i2c_master.vhd Line: 41
    Info (12023): Found entity 1: i2c_master File: C:/Users/heini/Documents/local_Studium/PM2_PR/Github/synthi/synthi_project/source/i2c_master.vhd Line: 23
Info (12021): Found 2 design units, including 1 entities, in source file /users/heini/documents/local_studium/pm2_pr/github/synthi/synthi_project/source/codec_controller.vhd
    Info (12022): Found design unit 1: codec_controller-rtl File: C:/Users/heini/Documents/local_Studium/PM2_PR/Github/synthi/synthi_project/source/codec_controller.vhd Line: 44
    Info (12023): Found entity 1: codec_controller File: C:/Users/heini/Documents/local_Studium/PM2_PR/Github/synthi/synthi_project/source/codec_controller.vhd Line: 28
Info (12021): Found 2 design units, including 1 entities, in source file /users/heini/documents/local_studium/pm2_pr/github/synthi/synthi_project/source/synthi_top.vhd
    Info (12022): Found design unit 1: synthi_top-struct File: C:/Users/heini/Documents/local_Studium/PM2_PR/Github/synthi/synthi_project/source/synthi_top.vhd Line: 76
    Info (12023): Found entity 1: synthi_top File: C:/Users/heini/Documents/local_Studium/PM2_PR/Github/synthi/synthi_project/source/synthi_top.vhd Line: 32
Info (12021): Found 2 design units, including 1 entities, in source file /users/heini/documents/local_studium/pm2_pr/github/synthi/synthi_project/source/signal_checker.vhd
    Info (12022): Found design unit 1: signal_checker-rtl File: C:/Users/heini/Documents/local_Studium/PM2_PR/Github/synthi/synthi_project/source/signal_checker.vhd Line: 29
    Info (12023): Found entity 1: signal_checker File: C:/Users/heini/Documents/local_Studium/PM2_PR/Github/synthi/synthi_project/source/signal_checker.vhd Line: 19
Info (12021): Found 2 design units, including 1 entities, in source file /users/heini/documents/local_studium/pm2_pr/github/synthi/synthi_project/source/modulo_divider.vhd
    Info (12022): Found design unit 1: modulo_divider-rtl File: C:/Users/heini/Documents/local_Studium/PM2_PR/Github/synthi/synthi_project/source/modulo_divider.vhd Line: 29
    Info (12023): Found entity 1: modulo_divider File: C:/Users/heini/Documents/local_Studium/PM2_PR/Github/synthi/synthi_project/source/modulo_divider.vhd Line: 19
Info (12021): Found 2 design units, including 1 entities, in source file /users/heini/documents/local_studium/pm2_pr/github/synthi/synthi_project/source/infrastructure.vhd
    Info (12022): Found design unit 1: infrastructure-infra_arch File: C:/Users/heini/Documents/local_Studium/PM2_PR/Github/synthi/synthi_project/source/infrastructure.vhd Line: 45
    Info (12023): Found entity 1: infrastructure File: C:/Users/heini/Documents/local_Studium/PM2_PR/Github/synthi/synthi_project/source/infrastructure.vhd Line: 29
Info (12021): Found 2 design units, including 1 entities, in source file /users/heini/documents/local_studium/pm2_pr/github/synthi/synthi_project/source/clock_sync.vhd
    Info (12022): Found design unit 1: clock_sync-rtl File: C:/Users/heini/Documents/local_Studium/PM2_PR/Github/synthi/synthi_project/source/clock_sync.vhd Line: 23
    Info (12023): Found entity 1: clock_sync File: C:/Users/heini/Documents/local_Studium/PM2_PR/Github/synthi/synthi_project/source/clock_sync.vhd Line: 14
Info (12021): Found 2 design units, including 1 entities, in source file /users/heini/documents/local_studium/pm2_pr/github/synthi/synthi_project/source/vhdl_hex2sevseg.vhd
    Info (12022): Found design unit 1: vhdl_hex2sevseg-comb File: C:/Users/heini/Documents/local_Studium/PM2_PR/Github/synthi/synthi_project/source/vhdl_hex2sevseg.vhd Line: 32
    Info (12023): Found entity 1: vhdl_hex2sevseg File: C:/Users/heini/Documents/local_Studium/PM2_PR/Github/synthi/synthi_project/source/vhdl_hex2sevseg.vhd Line: 24
Info (12021): Found 2 design units, including 1 entities, in source file /users/heini/documents/local_studium/pm2_pr/github/synthi/synthi_project/source/uart_top.vhd
    Info (12022): Found design unit 1: uart_top-uart_arch File: C:/Users/heini/Documents/local_Studium/PM2_PR/Github/synthi/synthi_project/source/uart_top.vhd Line: 38
    Info (12023): Found entity 1: uart_top File: C:/Users/heini/Documents/local_Studium/PM2_PR/Github/synthi/synthi_project/source/uart_top.vhd Line: 25
Info (12021): Found 2 design units, including 1 entities, in source file /users/heini/documents/local_studium/pm2_pr/github/synthi/synthi_project/source/uart_controller_fsm.vhd
    Info (12022): Found design unit 1: uart_controller_fsm-rtl File: C:/Users/heini/Documents/local_Studium/PM2_PR/Github/synthi/synthi_project/source/uart_controller_fsm.vhd Line: 39
    Info (12023): Found entity 1: uart_controller_fsm File: C:/Users/heini/Documents/local_Studium/PM2_PR/Github/synthi/synthi_project/source/uart_controller_fsm.vhd Line: 24
Info (12021): Found 2 design units, including 1 entities, in source file /users/heini/documents/local_studium/pm2_pr/github/synthi/synthi_project/source/shiftreg_uart.vhd
    Info (12022): Found design unit 1: shiftreg_uart-rtl File: C:/Users/heini/Documents/local_Studium/PM2_PR/Github/synthi/synthi_project/source/shiftreg_uart.vhd Line: 33
    Info (12023): Found entity 1: shiftreg_uart File: C:/Users/heini/Documents/local_Studium/PM2_PR/Github/synthi/synthi_project/source/shiftreg_uart.vhd Line: 21
Info (12021): Found 2 design units, including 1 entities, in source file /users/heini/documents/local_studium/pm2_pr/github/synthi/synthi_project/source/output_register.vhd
    Info (12022): Found design unit 1: output_register-rtl File: C:/Users/heini/Documents/local_Studium/PM2_PR/Github/synthi/synthi_project/source/output_register.vhd Line: 37
    Info (12023): Found entity 1: output_register File: C:/Users/heini/Documents/local_Studium/PM2_PR/Github/synthi/synthi_project/source/output_register.vhd Line: 23
Info (12021): Found 2 design units, including 1 entities, in source file /users/heini/documents/local_studium/pm2_pr/github/synthi/synthi_project/source/flanken_detekt_vhdl.vhd
    Info (12022): Found design unit 1: flanken_detekt_vhdl-rtl File: C:/Users/heini/Documents/local_Studium/PM2_PR/Github/synthi/synthi_project/source/flanken_detekt_vhdl.vhd Line: 26
    Info (12023): Found entity 1: flanken_detekt_vhdl File: C:/Users/heini/Documents/local_Studium/PM2_PR/Github/synthi/synthi_project/source/flanken_detekt_vhdl.vhd Line: 15
Info (12021): Found 2 design units, including 1 entities, in source file /users/heini/documents/local_studium/pm2_pr/github/synthi/synthi_project/source/bit_counter.vhd
    Info (12022): Found design unit 1: bit_counter-rtl File: C:/Users/heini/Documents/local_Studium/PM2_PR/Github/synthi/synthi_project/source/bit_counter.vhd Line: 31
    Info (12023): Found entity 1: bit_counter File: C:/Users/heini/Documents/local_Studium/PM2_PR/Github/synthi/synthi_project/source/bit_counter.vhd Line: 21
Info (12021): Found 2 design units, including 1 entities, in source file /users/heini/documents/local_studium/pm2_pr/github/synthi/synthi_project/source/baud_tick.vhd
    Info (12022): Found design unit 1: baud_tick-rtl File: C:/Users/heini/Documents/local_Studium/PM2_PR/Github/synthi/synthi_project/source/baud_tick.vhd Line: 30
    Info (12023): Found entity 1: baud_tick File: C:/Users/heini/Documents/local_Studium/PM2_PR/Github/synthi/synthi_project/source/baud_tick.vhd Line: 20
Info (12127): Elaborating entity "synthi_top" for the top level hierarchy
Warning (10541): VHDL Signal Declaration warning at synthi_top.vhd(48): used implicit default value for signal "AUD_DACDAT" because signal was never assigned a value or an explicit default value. Use of implicit default value may introduce unintended design optimizations. File: C:/Users/heini/Documents/local_Studium/PM2_PR/Github/synthi/synthi_project/source/synthi_top.vhd Line: 48
Warning (10541): VHDL Signal Declaration warning at synthi_top.vhd(49): used implicit default value for signal "AUD_BCLK" because signal was never assigned a value or an explicit default value. Use of implicit default value may introduce unintended design optimizations. File: C:/Users/heini/Documents/local_Studium/PM2_PR/Github/synthi/synthi_project/source/synthi_top.vhd Line: 49
Warning (10541): VHDL Signal Declaration warning at synthi_top.vhd(50): used implicit default value for signal "AUD_DACLRCK" because signal was never assigned a value or an explicit default value. Use of implicit default value may introduce unintended design optimizations. File: C:/Users/heini/Documents/local_Studium/PM2_PR/Github/synthi/synthi_project/source/synthi_top.vhd Line: 50
Warning (10541): VHDL Signal Declaration warning at synthi_top.vhd(51): used implicit default value for signal "AUD_ADCLRCK" because signal was never assigned a value or an explicit default value. Use of implicit default value may introduce unintended design optimizations. File: C:/Users/heini/Documents/local_Studium/PM2_PR/Github/synthi/synthi_project/source/synthi_top.vhd Line: 51
Warning (10541): VHDL Signal Declaration warning at synthi_top.vhd(60): used implicit default value for signal "LEDR_1" because signal was never assigned a value or an explicit default value. Use of implicit default value may introduce unintended design optimizations. File: C:/Users/heini/Documents/local_Studium/PM2_PR/Github/synthi/synthi_project/source/synthi_top.vhd Line: 60
Warning (10541): VHDL Signal Declaration warning at synthi_top.vhd(61): used implicit default value for signal "LEDR_2" because signal was never assigned a value or an explicit default value. Use of implicit default value may introduce unintended design optimizations. File: C:/Users/heini/Documents/local_Studium/PM2_PR/Github/synthi/synthi_project/source/synthi_top.vhd Line: 61
Warning (10541): VHDL Signal Declaration warning at synthi_top.vhd(62): used implicit default value for signal "LEDR_3" because signal was never assigned a value or an explicit default value. Use of implicit default value may introduce unintended design optimizations. File: C:/Users/heini/Documents/local_Studium/PM2_PR/Github/synthi/synthi_project/source/synthi_top.vhd Line: 62
Warning (10541): VHDL Signal Declaration warning at synthi_top.vhd(63): used implicit default value for signal "LEDR_4" because signal was never assigned a value or an explicit default value. Use of implicit default value may introduce unintended design optimizations. File: C:/Users/heini/Documents/local_Studium/PM2_PR/Github/synthi/synthi_project/source/synthi_top.vhd Line: 63
Warning (10541): VHDL Signal Declaration warning at synthi_top.vhd(64): used implicit default value for signal "LEDR_5" because signal was never assigned a value or an explicit default value. Use of implicit default value may introduce unintended design optimizations. File: C:/Users/heini/Documents/local_Studium/PM2_PR/Github/synthi/synthi_project/source/synthi_top.vhd Line: 64
Warning (10541): VHDL Signal Declaration warning at synthi_top.vhd(65): used implicit default value for signal "LEDR_6" because signal was never assigned a value or an explicit default value. Use of implicit default value may introduce unintended design optimizations. File: C:/Users/heini/Documents/local_Studium/PM2_PR/Github/synthi/synthi_project/source/synthi_top.vhd Line: 65
Warning (10541): VHDL Signal Declaration warning at synthi_top.vhd(66): used implicit default value for signal "LEDR_7" because signal was never assigned a value or an explicit default value. Use of implicit default value may introduce unintended design optimizations. File: C:/Users/heini/Documents/local_Studium/PM2_PR/Github/synthi/synthi_project/source/synthi_top.vhd Line: 66
Warning (10541): VHDL Signal Declaration warning at synthi_top.vhd(67): used implicit default value for signal "LEDR_8" because signal was never assigned a value or an explicit default value. Use of implicit default value may introduce unintended design optimizations. File: C:/Users/heini/Documents/local_Studium/PM2_PR/Github/synthi/synthi_project/source/synthi_top.vhd Line: 67
Warning (10541): VHDL Signal Declaration warning at synthi_top.vhd(68): used implicit default value for signal "LEDR_9" because signal was never assigned a value or an explicit default value. Use of implicit default value may introduce unintended design optimizations. File: C:/Users/heini/Documents/local_Studium/PM2_PR/Github/synthi/synthi_project/source/synthi_top.vhd Line: 68
Info (12128): Elaborating entity "infrastructure" for hierarchy "infrastructure:infrastructure_1" File: C:/Users/heini/Documents/local_Studium/PM2_PR/Github/synthi/synthi_project/source/synthi_top.vhd Line: 147
Info (12128): Elaborating entity "modulo_divider" for hierarchy "infrastructure:infrastructure_1|modulo_divider:modulo_divider_1" File: C:/Users/heini/Documents/local_Studium/PM2_PR/Github/synthi/synthi_project/source/infrastructure.vhd Line: 86
Warning (10540): VHDL Signal Declaration warning at modulo_divider.vhd(32): used explicit default value for signal "width" because signal was never assigned a value File: C:/Users/heini/Documents/local_Studium/PM2_PR/Github/synthi/synthi_project/source/modulo_divider.vhd Line: 32
Info (12128): Elaborating entity "clock_sync" for hierarchy "infrastructure:infrastructure_1|clock_sync:clock_sync_1" File: C:/Users/heini/Documents/local_Studium/PM2_PR/Github/synthi/synthi_project/source/infrastructure.vhd Line: 92
Info (12128): Elaborating entity "signal_checker" for hierarchy "infrastructure:infrastructure_1|signal_checker:signal_checker_1" File: C:/Users/heini/Documents/local_Studium/PM2_PR/Github/synthi/synthi_project/source/infrastructure.vhd Line: 106
Info (12128): Elaborating entity "uart_top" for hierarchy "uart_top:uart_top_1" File: C:/Users/heini/Documents/local_Studium/PM2_PR/Github/synthi/synthi_project/source/synthi_top.vhd Line: 160
Info (12128): Elaborating entity "flanken_detekt_vhdl" for hierarchy "uart_top:uart_top_1|flanken_detekt_vhdl:flanken_detekt_vhdl_inst1" File: C:/Users/heini/Documents/local_Studium/PM2_PR/Github/synthi/synthi_project/source/uart_top.vhd Line: 143
Info (12128): Elaborating entity "vhdl_hex2sevseg" for hierarchy "uart_top:uart_top_1|vhdl_hex2sevseg:vhdl_hex2sevseg_inst1" File: C:/Users/heini/Documents/local_Studium/PM2_PR/Github/synthi/synthi_project/source/uart_top.vhd Line: 150
Info (12128): Elaborating entity "baud_tick" for hierarchy "uart_top:uart_top_1|baud_tick:baud_tick_inst1" File: C:/Users/heini/Documents/local_Studium/PM2_PR/Github/synthi/synthi_project/source/uart_top.vhd Line: 160
Info (12128): Elaborating entity "bit_counter" for hierarchy "uart_top:uart_top_1|bit_counter:bit_counter_inst1" File: C:/Users/heini/Documents/local_Studium/PM2_PR/Github/synthi/synthi_project/source/uart_top.vhd Line: 167
Info (12128): Elaborating entity "uart_controller_fsm" for hierarchy "uart_top:uart_top_1|uart_controller_fsm:uart_controller_fsm_inst1" File: C:/Users/heini/Documents/local_Studium/PM2_PR/Github/synthi/synthi_project/source/uart_top.vhd Line: 175
Info (12128): Elaborating entity "shiftreg_uart" for hierarchy "uart_top:uart_top_1|shiftreg_uart:shiftreg_uart_inst1" File: C:/Users/heini/Documents/local_Studium/PM2_PR/Github/synthi/synthi_project/source/uart_top.vhd Line: 187
Info (12128): Elaborating entity "output_register" for hierarchy "uart_top:uart_top_1|output_register:output_register_inst1" File: C:/Users/heini/Documents/local_Studium/PM2_PR/Github/synthi/synthi_project/source/uart_top.vhd Line: 196
Info (12128): Elaborating entity "codec_controller" for hierarchy "codec_controller:codec_controller_1" File: C:/Users/heini/Documents/local_Studium/PM2_PR/Github/synthi/synthi_project/source/synthi_top.vhd Line: 170
Info (12128): Elaborating entity "i2c_master" for hierarchy "i2c_master:i2c_master_1" File: C:/Users/heini/Documents/local_Studium/PM2_PR/Github/synthi/synthi_project/source/synthi_top.vhd Line: 181
Info (13000): Registers with preset signals will power-up high File: C:/Users/heini/Documents/local_Studium/PM2_PR/Github/synthi/synthi_project/source/i2c_master.vhd Line: 301
Info (13003): DEV_CLRn pin will set, and not reset, register with preset signal due to NOT Gate Push-Back
Warning (13024): Output pins are stuck at VCC or GND
    Warning (13410): Pin "AUD_DACDAT" is stuck at GND File: C:/Users/heini/Documents/local_Studium/PM2_PR/Github/synthi/synthi_project/source/synthi_top.vhd Line: 48
    Warning (13410): Pin "AUD_BCLK" is stuck at GND File: C:/Users/heini/Documents/local_Studium/PM2_PR/Github/synthi/synthi_project/source/synthi_top.vhd Line: 49
    Warning (13410): Pin "AUD_DACLRCK" is stuck at GND File: C:/Users/heini/Documents/local_Studium/PM2_PR/Github/synthi/synthi_project/source/synthi_top.vhd Line: 50
    Warning (13410): Pin "AUD_ADCLRCK" is stuck at GND File: C:/Users/heini/Documents/local_Studium/PM2_PR/Github/synthi/synthi_project/source/synthi_top.vhd Line: 51
    Warning (13410): Pin "LEDR_1" is stuck at GND File: C:/Users/heini/Documents/local_Studium/PM2_PR/Github/synthi/synthi_project/source/synthi_top.vhd Line: 60
    Warning (13410): Pin "LEDR_2" is stuck at GND File: C:/Users/heini/Documents/local_Studium/PM2_PR/Github/synthi/synthi_project/source/synthi_top.vhd Line: 61
    Warning (13410): Pin "LEDR_3" is stuck at GND File: C:/Users/heini/Documents/local_Studium/PM2_PR/Github/synthi/synthi_project/source/synthi_top.vhd Line: 62
    Warning (13410): Pin "LEDR_4" is stuck at GND File: C:/Users/heini/Documents/local_Studium/PM2_PR/Github/synthi/synthi_project/source/synthi_top.vhd Line: 63
    Warning (13410): Pin "LEDR_5" is stuck at GND File: C:/Users/heini/Documents/local_Studium/PM2_PR/Github/synthi/synthi_project/source/synthi_top.vhd Line: 64
    Warning (13410): Pin "LEDR_6" is stuck at GND File: C:/Users/heini/Documents/local_Studium/PM2_PR/Github/synthi/synthi_project/source/synthi_top.vhd Line: 65
    Warning (13410): Pin "LEDR_7" is stuck at GND File: C:/Users/heini/Documents/local_Studium/PM2_PR/Github/synthi/synthi_project/source/synthi_top.vhd Line: 66
    Warning (13410): Pin "LEDR_8" is stuck at GND File: C:/Users/heini/Documents/local_Studium/PM2_PR/Github/synthi/synthi_project/source/synthi_top.vhd Line: 67
    Warning (13410): Pin "LEDR_9" is stuck at GND File: C:/Users/heini/Documents/local_Studium/PM2_PR/Github/synthi/synthi_project/source/synthi_top.vhd Line: 68
Info (286030): Timing-Driven Synthesis is running
Info (16010): Generating hard_block partition "hard_block:auto_generated_inst"
    Info (16011): Adding 0 node(s), including 0 DDIO, 0 PLL, 0 transceiver and 0 LCELL
Warning (21074): Design contains 13 input pin(s) that do not drive logic
    Warning (15610): No output dependent on input pin "KEY_1" File: C:/Users/heini/Documents/local_Studium/PM2_PR/Github/synthi/synthi_project/source/synthi_top.vhd Line: 37
    Warning (15610): No output dependent on input pin "SW[3]" File: C:/Users/heini/Documents/local_Studium/PM2_PR/Github/synthi/synthi_project/source/synthi_top.vhd Line: 38
    Warning (15610): No output dependent on input pin "SW[4]" File: C:/Users/heini/Documents/local_Studium/PM2_PR/Github/synthi/synthi_project/source/synthi_top.vhd Line: 38
    Warning (15610): No output dependent on input pin "SW[5]" File: C:/Users/heini/Documents/local_Studium/PM2_PR/Github/synthi/synthi_project/source/synthi_top.vhd Line: 38
    Warning (15610): No output dependent on input pin "SW[6]" File: C:/Users/heini/Documents/local_Studium/PM2_PR/Github/synthi/synthi_project/source/synthi_top.vhd Line: 38
    Warning (15610): No output dependent on input pin "SW[7]" File: C:/Users/heini/Documents/local_Studium/PM2_PR/Github/synthi/synthi_project/source/synthi_top.vhd Line: 38
    Warning (15610): No output dependent on input pin "SW[8]" File: C:/Users/heini/Documents/local_Studium/PM2_PR/Github/synthi/synthi_project/source/synthi_top.vhd Line: 38
    Warning (15610): No output dependent on input pin "SW[9]" File: C:/Users/heini/Documents/local_Studium/PM2_PR/Github/synthi/synthi_project/source/synthi_top.vhd Line: 38
    Warning (15610): No output dependent on input pin "USB_RXD" File: C:/Users/heini/Documents/local_Studium/PM2_PR/Github/synthi/synthi_project/source/synthi_top.vhd Line: 40
    Warning (15610): No output dependent on input pin "BT_RXD" File: C:/Users/heini/Documents/local_Studium/PM2_PR/Github/synthi/synthi_project/source/synthi_top.vhd Line: 43
    Warning (15610): No output dependent on input pin "BT_TXD" File: C:/Users/heini/Documents/local_Studium/PM2_PR/Github/synthi/synthi_project/source/synthi_top.vhd Line: 44
    Warning (15610): No output dependent on input pin "BT_RST_N" File: C:/Users/heini/Documents/local_Studium/PM2_PR/Github/synthi/synthi_project/source/synthi_top.vhd Line: 45
    Warning (15610): No output dependent on input pin "AUD_ADCDAT" File: C:/Users/heini/Documents/local_Studium/PM2_PR/Github/synthi/synthi_project/source/synthi_top.vhd Line: 52
Info (21057): Implemented 315 device resources after synthesis - the final resource count might be different
    Info (21058): Implemented 19 input pins
    Info (21059): Implemented 30 output pins
    Info (21060): Implemented 1 bidirectional pins
    Info (21061): Implemented 265 logic cells
Info: Quartus Prime Analysis & Synthesis was successful. 0 errors, 43 warnings
    Info: Peak virtual memory: 4826 megabytes
    Info: Processing ended: Tue Mar  5 17:49:20 2024
    Info: Elapsed time: 00:00:13
    Info: Total CPU time (on all processors): 00:00:10


